// Jest Snapshot v1, https://goo.gl/fbAQLP

exports[`App should take a snapshot 1`] = `
<DocumentFragment>
  .c0 {
  display: -webkit-box;
  display: -webkit-flex;
  display: -ms-flexbox;
  display: flex;
  -webkit-flex: 1;
  -ms-flex: 1;
  flex: 1;
  -webkit-align-items: center;
  -webkit-box-align: center;
  -ms-flex-align: center;
  align-items: center;
  height: 60px;
  background-color: #371c9d;
}

<div
    class="c0"
    style="display: none;"
  >
    <a
      href="/"
    >
      <svg
        width="160"
      >
        logo.svg
      </svg>
    </a>
  </div>
  <div
    class="container"
  >
    <div
      class="spinner"
    >
      <div
        class="cube1"
      />
      <div
        class="cube2"
      />
    </div>
  </div>
</DocumentFragment>
`;
